{
    "prerender": [
        {
            "eagerness": "moderate",
            "uri": "page-1"
        },
        {
            "eagerness": "eager",
            "uri": "page-2"
        }
    ],
    "prefetch": [
        {
            "eagerness": "moderate",
            "uri": "page-3"
        },
        {
            "eagerness": "eager",
            "uri": "page-4"
        }
    ]
}