{
    "prerender": [
        {
            "where": {
                "and": [
                    {
                        "href_matches": "\/page-1\/*"
                    },
                    {
                        "not": {
                            "href_matches": "\/page-1\/*\/*"
                        }
                    }
                ]
            },
            "eagerness": "moderate"
        },
        {
            "where": {
                "and": [
                    {
                        "href_matches": "\/page-2\/*\/*"
                    },
                    {
                        "not": {
                            "href_matches": "\/page-2\/*\/*\/*"
                        }
                    }
                ]
            },
            "eagerness": "eager"
        },
        {
            "where": {
                "and": [
                    {
                        "href_matches": "page-3"
                    }
                ]
            },
            "eagerness": "eager"
        },
        {
            "source": "list",
            "urls": [
                "page-4"
            ],
            "eagerness": "conservative"
        }
    ],
    "prefetch": [
        {
            "urls": [
                "page-5"
            ],
            "referrer_policy": "no-referrer",
            "eagerness": "moderate"
        }
    ]
}